# serializer version: 1
# name: test_coordinator_update[sensor.emoncms_parameter_1]
  StateSnapshot({
    'attributes': ReadOnlyDict({
      'FeedId': '1',
      'FeedName': 'parameter 1',
      'LastUpdated': 1665509570,
      'LastUpdatedStr': '2022-10-11T10:32:50-07:00',
      'Size': '35809224',
      'Tag': 'tag',
      'UserId': '1',
      'device_class': 'temperature',
      'friendly_name': 'EmonCMS parameter 1',
      'state_class': <SensorStateClass.MEASUREMENT: 'measurement'>,
      'unit_of_measurement': <UnitOfTemperature.CELSIUS: 'Â°C'>,
    }),
    'context': <ANY>,
    'entity_id': 'sensor.emoncms_parameter_1',
    'last_changed': <ANY>,
    'last_reported': <ANY>,
    'last_updated': <ANY>,
    'state': '18.04',
  })
# ---
